U8 1 0.064212 0.103237
U9 0 0.022372 0.027549
U10 0 0.035620 0.042872
U11 1 0.068630 0.112484
U12 0 0.040627 0.054512
U13 1 0.033812 0.054006
U14 1 0.024308 0.025355

U8 1 0.064212 0.103237
U9 0 0.022372 0.027549
U10 0 0.035620 0.042872
U11 1 0.068630 0.112484
U12 0 0.040627 0.054512
U13 1 0.033812 0.054006
U14 1 0.024308 0.025355

U8 0 0.048322 0.077534
U9 1 0.028109 0.053694
U10 0 0.035620 0.042872
U11 1 0.056068 0.088758
U12 1 0.025526 0.027850
U13 1 0.033812 0.054006
U14 0 0.021151 0.026352

U8 0 0.048322 0.077534
U9 1 0.028109 0.053694
U10 1 0.027039 0.045162
U11 0 0.040648 0.080225
U12 1 0.025526 0.027850
U13 0 0.024888 0.042092
U14 1 0.024308 0.025355

