g1 1 0.019133 0.036105
g2 0 0.022635 0.033406
g3 1 0.052093 0.079336
g4 1 0.030480 0.052277
g5 0 0.037376 0.053376
g6 0 0.041380 0.049434
g7 0 0.043873 0.063469
g8 1 0.068176 0.111416
g9 1 0.066306 0.108485
g10 1 0.070989 0.118823

g1 0 0.022268 0.031807
g2 0 0.022635 0.033406
g3 1 0.051284 0.078432
g4 1 0.030480 0.052277
g5 1 0.048322 0.081628
g6 0 0.041183 0.049218
g7 0 0.043873 0.063469
g8 0 0.064444 0.113939
g9 1 0.066237 0.108313
g10 0 0.056801 0.088150

g1 0 0.022268 0.031807
g2 0 0.022635 0.033406
g3 1 0.051284 0.078432
g4 1 0.030480 0.052277
g5 0 0.024860 0.036593
g6 0 0.041183 0.049218
g7 0 0.043873 0.063469
g8 1 0.061471 0.095628
g9 1 0.066237 0.108313
g10 1 0.070989 0.118823

