g1 0.009899 0.007021 
g2 0.000657 0.007653 
g3 0.006944 0.008672 
g4 0.010174 0.007147 
g5 0.000729 0.007612 
g6 0.000160 0.004253 
g7 0.000906 0.008631 
g8 0.007657 0.012150 
g9 0.012710 0.012150 
g10 0.012431 0.012150 

g1 0.000497 0.007021 
g2 0.000657 0.007653 
g3 0.007016 0.008672 
g4 0.010174 0.007147 
g5 0.011612 0.007612 
g6 0.000165 0.004253 
g7 0.000906 0.008631 
g8 0.002419 0.012150 
g9 0.012715 0.012150 
g10 0.001715 0.012150 

g1 0.000497 0.007021 
g2 0.000657 0.007653 
g3 0.007016 0.008672 
g4 0.010174 0.007147 
g5 0.000933 0.007612 
g6 0.000165 0.004253 
g7 0.000906 0.008631 
g8 0.007572 0.012150 
g9 0.012715 0.012150 
g10 0.012431 0.012150 

