1 0.121557 1.50%

2 0.086808 2.50%

3 0.084975 3.25%

