U8 0.012842 0.012150 
U9 0.000219 0.004378 
U10 0.000199 0.004253 
U11 0.007662 0.012150 
U12 0.001749 0.003234 
U13 0.007898 0.007653 
U14 0.005144 0.002769 

U8 0.012842 0.012150 
U9 0.000219 0.004378 
U10 0.000199 0.004253 
U11 0.007662 0.012150 
U12 0.001749 0.003234 
U13 0.007898 0.007653 
U14 0.005144 0.002769 

U8 0.001769 0.012150 
U9 0.011170 0.004378 
U10 0.000199 0.004253 
U11 0.007949 0.012150 
U12 0.005418 0.003234 
U13 0.007898 0.007653 
U14 0.000596 0.002769 

U8 0.001769 0.012150 
U9 0.011170 0.004378 
U10 0.008961 0.004253 
U11 0.002720 0.012150 
U12 0.005418 0.003234 
U13 0.002010 0.007653 
U14 0.005144 0.002769 

