U8 0.030000
U11 0.030000
U13 0.018896
U9 0.010811
U10 0.010501
U12 0.007985
U14 0.006836
