g8 0.030000
g9 0.030000
g10 0.030000
g3 0.021412
g7 0.021311
g2 0.018896
g5 0.018795
g4 0.017647
g1 0.017337
g6 0.010501
