U11 1 0.070545 0.116993
U8 1 0.064212 0.103237
U12 1 0.044436 0.059305
U10 0 0.035620 0.042872
U13 1 0.033812 0.054006
U9 1 0.028109 0.053694
U14 1 0.024308 0.025355

