g9 1 0.089355 0.145344
g10 1 0.089355 0.145344
g8 1 0.079914 0.128288
g7 1 0.066956 0.112308
g3 1 0.052093 0.079336
g5 1 0.048322 0.081628
g6 0 0.041380 0.049434
g4 0 0.034014 0.047876
g2 0 0.022635 0.033406
g1 0 0.022268 0.031807

