Longest delay = 2.511517, the path is: N108 -> n293 -> n341 -> n337 -> n331 -> n330 -> N223 -> n316 -> n226 -> n305 -> n313 -> n308 -> n307 -> N329 -> n244 -> n259 -> n257 -> n256 -> n254 -> n252 -> N370 -> n249 -> n248 -> n246 -> n188 -> n238 -> n201 -> N430 -> n229 -> n212 -> n206 -> N421
Shortest delay = 0.397498, the path is: N108 -> n293 -> n341 -> n337 -> n331 -> n330 -> N223
